
===== PASS A/baseline (port 49354) =====
🔄 Initialisation de la base de données...
Seed: 2 zones, 7 capteurs, 4 actionneurs, 28 mesures, 3 seuils, 7 utilisateurs
  Zone: Zone A — Entrepôt Nord (id: area-1)
  Zone: Zone B — Bureaux Sud (id: area-2)
  Capteur: temperature [active] (id: sensor-1, zone: area-1)
  Capteur: temperature [active] (id: sensor-2, zone: area-1)
  Capteur: humidity [active] (id: sensor-3, zone: area-1)
  Capteur: temperature [inactive] (id: sensor-4, zone: area-1)
  Capteur: temperature [active] (id: sensor-5, zone: area-2)
  Capteur: humidity [active] (id: sensor-6, zone: area-2)
  Capteur: temperature [active] (id: sensor-7, zone: area-2)
  Actionneur: heater [on] (id: actuator-1, zone: area-1)
  Actionneur: ventilation [auto] (id: actuator-2, zone: area-1)
  Actionneur: heater [auto] (id: actuator-3, zone: area-2)
  Actionneur: ventilation [off] (id: actuator-4, zone: area-2)
  Utilisateur: Root Admin [admin] (id: user-1)
  Utilisateur: Alice Admin [admin] (id: user-2)
  Utilisateur: Bob Opérateur [operator] (id: user-3)
  Utilisateur: Claire Opératrice [operator] (id: user-4)
  Utilisateur: Robin Lecteur [reader] (id: user-5)
  Utilisateur: Device Sensor 01 [device] (id: user-6)
  Utilisateur: Device Actuator 01 [device] (id: user-7)
✅ Base de données initialisée avec le seed

✅ ThermoSense API démarrée sur http://localhost:49354
Documentation Swagger disponible sur http://localhost:49354/api-docs
Compte de test: email="root" password="root"

[AUTH] 2026-06-08T09:24:53.558Z | SUCCESS | User: root | Role: admin | Login successful (user-1)

===== PASS A/resilient (port 49359) =====
🔄 Initialisation de la base de données...
Seed: 2 zones, 7 capteurs, 4 actionneurs, 28 mesures, 3 seuils, 7 utilisateurs
  Zone: Zone A — Entrepôt Nord (id: area-1)
  Zone: Zone B — Bureaux Sud (id: area-2)
  Capteur: temperature [active] (id: sensor-1, zone: area-1)
  Capteur: temperature [active] (id: sensor-2, zone: area-1)
  Capteur: humidity [active] (id: sensor-3, zone: area-1)
  Capteur: temperature [inactive] (id: sensor-4, zone: area-1)
  Capteur: temperature [active] (id: sensor-5, zone: area-2)
  Capteur: humidity [active] (id: sensor-6, zone: area-2)
  Capteur: temperature [active] (id: sensor-7, zone: area-2)
  Actionneur: heater [on] (id: actuator-1, zone: area-1)
  Actionneur: ventilation [auto] (id: actuator-2, zone: area-1)
  Actionneur: heater [auto] (id: actuator-3, zone: area-2)
  Actionneur: ventilation [off] (id: actuator-4, zone: area-2)
  Utilisateur: Root Admin [admin] (id: user-1)
  Utilisateur: Alice Admin [admin] (id: user-2)
  Utilisateur: Bob Opérateur [operator] (id: user-3)
  Utilisateur: Claire Opératrice [operator] (id: user-4)
  Utilisateur: Robin Lecteur [reader] (id: user-5)
  Utilisateur: Device Sensor 01 [device] (id: user-6)
  Utilisateur: Device Actuator 01 [device] (id: user-7)
✅ Base de données initialisée avec le seed

✅ ThermoSense API démarrée sur http://localhost:49359
Documentation Swagger disponible sur http://localhost:49359/api-docs
Compte de test: email="root" password="root"

[AUTH] 2026-06-08T09:24:54.061Z | SUCCESS | User: root | Role: admin | Login successful (user-1)

===== PASS A/no_key (port 49364) =====
🔄 Initialisation de la base de données...
Seed: 2 zones, 7 capteurs, 4 actionneurs, 28 mesures, 3 seuils, 7 utilisateurs
  Zone: Zone A — Entrepôt Nord (id: area-1)
  Zone: Zone B — Bureaux Sud (id: area-2)
  Capteur: temperature [active] (id: sensor-1, zone: area-1)
  Capteur: temperature [active] (id: sensor-2, zone: area-1)
  Capteur: humidity [active] (id: sensor-3, zone: area-1)
  Capteur: temperature [inactive] (id: sensor-4, zone: area-1)
  Capteur: temperature [active] (id: sensor-5, zone: area-2)
  Capteur: humidity [active] (id: sensor-6, zone: area-2)
  Capteur: temperature [active] (id: sensor-7, zone: area-2)
  Actionneur: heater [on] (id: actuator-1, zone: area-1)
  Actionneur: ventilation [auto] (id: actuator-2, zone: area-1)
  Actionneur: heater [auto] (id: actuator-3, zone: area-2)
  Actionneur: ventilation [off] (id: actuator-4, zone: area-2)
  Utilisateur: Root Admin [admin] (id: user-1)
  Utilisateur: Alice Admin [admin] (id: user-2)
  Utilisateur: Bob Opérateur [operator] (id: user-3)
  Utilisateur: Claire Opératrice [operator] (id: user-4)
  Utilisateur: Robin Lecteur [reader] (id: user-5)
  Utilisateur: Device Sensor 01 [device] (id: user-6)
  Utilisateur: Device Actuator 01 [device] (id: user-7)
✅ Base de données initialisée avec le seed

✅ ThermoSense API démarrée sur http://localhost:49364
Documentation Swagger disponible sur http://localhost:49364/api-docs
Compte de test: email="root" password="root"

[AUTH] 2026-06-08T09:24:54.542Z | SUCCESS | User: root | Role: admin | Login successful (user-1)

===== PASS B/baseline (port 49369) =====
🔄 Initialisation de la base de données...
Seed: 2 zones, 7 capteurs, 4 actionneurs, 28 mesures, 3 seuils, 7 utilisateurs
  Zone: Zone A — Entrepôt Nord (id: area-1)
  Zone: Zone B — Bureaux Sud (id: area-2)
  Capteur: temperature [active] (id: sensor-1, zone: area-1)
  Capteur: temperature [active] (id: sensor-2, zone: area-1)
  Capteur: humidity [active] (id: sensor-3, zone: area-1)
  Capteur: temperature [inactive] (id: sensor-4, zone: area-1)
  Capteur: temperature [active] (id: sensor-5, zone: area-2)
  Capteur: humidity [active] (id: sensor-6, zone: area-2)
  Capteur: temperature [active] (id: sensor-7, zone: area-2)
  Actionneur: heater [on] (id: actuator-1, zone: area-1)
  Actionneur: ventilation [auto] (id: actuator-2, zone: area-1)
  Actionneur: heater [auto] (id: actuator-3, zone: area-2)
  Actionneur: ventilation [off] (id: actuator-4, zone: area-2)
  Utilisateur: Root Admin [admin] (id: user-1)
  Utilisateur: Alice Admin [admin] (id: user-2)
  Utilisateur: Bob Opérateur [operator] (id: user-3)
  Utilisateur: Claire Opératrice [operator] (id: user-4)
  Utilisateur: Robin Lecteur [reader] (id: user-5)
  Utilisateur: Device Sensor 01 [device] (id: user-6)
  Utilisateur: Device Actuator 01 [device] (id: user-7)
✅ Base de données initialisée avec le seed

✅ ThermoSense API démarrée sur http://localhost:49369
Documentation Swagger disponible sur http://localhost:49369/api-docs
Compte de test: email="root" password="root"

[AUTH] 2026-06-08T09:24:55.028Z | SUCCESS | User: root | Role: admin | Login successful (user-1)

===== PASS B/resilient (port 49374) =====
🔄 Initialisation de la base de données...
Seed: 2 zones, 7 capteurs, 4 actionneurs, 28 mesures, 3 seuils, 7 utilisateurs
  Zone: Zone A — Entrepôt Nord (id: area-1)
  Zone: Zone B — Bureaux Sud (id: area-2)
  Capteur: temperature [active] (id: sensor-1, zone: area-1)
  Capteur: temperature [active] (id: sensor-2, zone: area-1)
  Capteur: humidity [active] (id: sensor-3, zone: area-1)
  Capteur: temperature [inactive] (id: sensor-4, zone: area-1)
  Capteur: temperature [active] (id: sensor-5, zone: area-2)
  Capteur: humidity [active] (id: sensor-6, zone: area-2)
  Capteur: temperature [active] (id: sensor-7, zone: area-2)
  Actionneur: heater [on] (id: actuator-1, zone: area-1)
  Actionneur: ventilation [auto] (id: actuator-2, zone: area-1)
  Actionneur: heater [auto] (id: actuator-3, zone: area-2)
  Actionneur: ventilation [off] (id: actuator-4, zone: area-2)
  Utilisateur: Root Admin [admin] (id: user-1)
  Utilisateur: Alice Admin [admin] (id: user-2)
  Utilisateur: Bob Opérateur [operator] (id: user-3)
  Utilisateur: Claire Opératrice [operator] (id: user-4)
  Utilisateur: Robin Lecteur [reader] (id: user-5)
  Utilisateur: Device Sensor 01 [device] (id: user-6)
  Utilisateur: Device Actuator 01 [device] (id: user-7)
✅ Base de données initialisée avec le seed

✅ ThermoSense API démarrée sur http://localhost:49374
Documentation Swagger disponible sur http://localhost:49374/api-docs
Compte de test: email="root" password="root"

[AUTH] 2026-06-08T09:24:55.490Z | SUCCESS | User: root | Role: admin | Login successful (user-1)

===== PASS B/no_key (port 49379) =====
🔄 Initialisation de la base de données...
Seed: 2 zones, 7 capteurs, 4 actionneurs, 28 mesures, 3 seuils, 7 utilisateurs
  Zone: Zone A — Entrepôt Nord (id: area-1)
  Zone: Zone B — Bureaux Sud (id: area-2)
  Capteur: temperature [active] (id: sensor-1, zone: area-1)
  Capteur: temperature [active] (id: sensor-2, zone: area-1)
  Capteur: humidity [active] (id: sensor-3, zone: area-1)
  Capteur: temperature [inactive] (id: sensor-4, zone: area-1)
  Capteur: temperature [active] (id: sensor-5, zone: area-2)
  Capteur: humidity [active] (id: sensor-6, zone: area-2)
  Capteur: temperature [active] (id: sensor-7, zone: area-2)
  Actionneur: heater [on] (id: actuator-1, zone: area-1)
  Actionneur: ventilation [auto] (id: actuator-2, zone: area-1)
  Actionneur: heater [auto] (id: actuator-3, zone: area-2)
  Actionneur: ventilation [off] (id: actuator-4, zone: area-2)
  Utilisateur: Root Admin [admin] (id: user-1)
  Utilisateur: Alice Admin [admin] (id: user-2)
  Utilisateur: Bob Opérateur [operator] (id: user-3)
  Utilisateur: Claire Opératrice [operator] (id: user-4)
  Utilisateur: Robin Lecteur [reader] (id: user-5)
  Utilisateur: Device Sensor 01 [device] (id: user-6)
  Utilisateur: Device Actuator 01 [device] (id: user-7)
✅ Base de données initialisée avec le seed

✅ ThermoSense API démarrée sur http://localhost:49379
Documentation Swagger disponible sur http://localhost:49379/api-docs
Compte de test: email="root" password="root"

[AUTH] 2026-06-08T09:24:55.974Z | SUCCESS | User: root | Role: admin | Login successful (user-1)

===== PASS C/baseline (port 49384) =====
🔄 Initialisation de la base de données...
Seed: 2 zones, 7 capteurs, 4 actionneurs, 28 mesures, 3 seuils, 7 utilisateurs
  Zone: Zone A — Entrepôt Nord (id: area-1)
  Zone: Zone B — Bureaux Sud (id: area-2)
  Capteur: temperature [active] (id: sensor-1, zone: area-1)
  Capteur: temperature [active] (id: sensor-2, zone: area-1)
  Capteur: humidity [active] (id: sensor-3, zone: area-1)
  Capteur: temperature [inactive] (id: sensor-4, zone: area-1)
  Capteur: temperature [active] (id: sensor-5, zone: area-2)
  Capteur: humidity [active] (id: sensor-6, zone: area-2)
  Capteur: temperature [active] (id: sensor-7, zone: area-2)
  Actionneur: heater [on] (id: actuator-1, zone: area-1)
  Actionneur: ventilation [auto] (id: actuator-2, zone: area-1)
  Actionneur: heater [auto] (id: actuator-3, zone: area-2)
  Actionneur: ventilation [off] (id: actuator-4, zone: area-2)
  Utilisateur: Root Admin [admin] (id: user-1)
  Utilisateur: Alice Admin [admin] (id: user-2)
  Utilisateur: Bob Opérateur [operator] (id: user-3)
  Utilisateur: Claire Opératrice [operator] (id: user-4)
  Utilisateur: Robin Lecteur [reader] (id: user-5)
  Utilisateur: Device Sensor 01 [device] (id: user-6)
  Utilisateur: Device Actuator 01 [device] (id: user-7)
✅ Base de données initialisée avec le seed

✅ ThermoSense API démarrée sur http://localhost:49384
Documentation Swagger disponible sur http://localhost:49384/api-docs
Compte de test: email="root" password="root"

[AUTH] 2026-06-08T09:24:56.446Z | SUCCESS | User: root | Role: admin | Login successful (user-1)

===== PASS C/resilient (port 49389) =====
🔄 Initialisation de la base de données...
Seed: 2 zones, 7 capteurs, 4 actionneurs, 28 mesures, 3 seuils, 7 utilisateurs
  Zone: Zone A — Entrepôt Nord (id: area-1)
  Zone: Zone B — Bureaux Sud (id: area-2)
  Capteur: temperature [active] (id: sensor-1, zone: area-1)
  Capteur: temperature [active] (id: sensor-2, zone: area-1)
  Capteur: humidity [active] (id: sensor-3, zone: area-1)
  Capteur: temperature [inactive] (id: sensor-4, zone: area-1)
  Capteur: temperature [active] (id: sensor-5, zone: area-2)
  Capteur: humidity [active] (id: sensor-6, zone: area-2)
  Capteur: temperature [active] (id: sensor-7, zone: area-2)
  Actionneur: heater [on] (id: actuator-1, zone: area-1)
  Actionneur: ventilation [auto] (id: actuator-2, zone: area-1)
  Actionneur: heater [auto] (id: actuator-3, zone: area-2)
  Actionneur: ventilation [off] (id: actuator-4, zone: area-2)
  Utilisateur: Root Admin [admin] (id: user-1)
  Utilisateur: Alice Admin [admin] (id: user-2)
  Utilisateur: Bob Opérateur [operator] (id: user-3)
  Utilisateur: Claire Opératrice [operator] (id: user-4)
  Utilisateur: Robin Lecteur [reader] (id: user-5)
  Utilisateur: Device Sensor 01 [device] (id: user-6)
  Utilisateur: Device Actuator 01 [device] (id: user-7)
✅ Base de données initialisée avec le seed

✅ ThermoSense API démarrée sur http://localhost:49389
Documentation Swagger disponible sur http://localhost:49389/api-docs
Compte de test: email="root" password="root"

[AUTH] 2026-06-08T09:24:56.901Z | SUCCESS | User: root | Role: admin | Login successful (user-1)

===== PASS C/no_key (port 49394) =====
🔄 Initialisation de la base de données...
Seed: 2 zones, 7 capteurs, 4 actionneurs, 28 mesures, 3 seuils, 7 utilisateurs
  Zone: Zone A — Entrepôt Nord (id: area-1)
  Zone: Zone B — Bureaux Sud (id: area-2)
  Capteur: temperature [active] (id: sensor-1, zone: area-1)
  Capteur: temperature [active] (id: sensor-2, zone: area-1)
  Capteur: humidity [active] (id: sensor-3, zone: area-1)
  Capteur: temperature [inactive] (id: sensor-4, zone: area-1)
  Capteur: temperature [active] (id: sensor-5, zone: area-2)
  Capteur: humidity [active] (id: sensor-6, zone: area-2)
  Capteur: temperature [active] (id: sensor-7, zone: area-2)
  Actionneur: heater [on] (id: actuator-1, zone: area-1)
  Actionneur: ventilation [auto] (id: actuator-2, zone: area-1)
  Actionneur: heater [auto] (id: actuator-3, zone: area-2)
  Actionneur: ventilation [off] (id: actuator-4, zone: area-2)
  Utilisateur: Root Admin [admin] (id: user-1)
  Utilisateur: Alice Admin [admin] (id: user-2)
  Utilisateur: Bob Opérateur [operator] (id: user-3)
  Utilisateur: Claire Opératrice [operator] (id: user-4)
  Utilisateur: Robin Lecteur [reader] (id: user-5)
  Utilisateur: Device Sensor 01 [device] (id: user-6)
  Utilisateur: Device Actuator 01 [device] (id: user-7)
✅ Base de données initialisée avec le seed

✅ ThermoSense API démarrée sur http://localhost:49394
Documentation Swagger disponible sur http://localhost:49394/api-docs
Compte de test: email="root" password="root"

[AUTH] 2026-06-08T09:24:57.453Z | SUCCESS | User: root | Role: admin | Login successful (user-1)
